// Jest Snapshot v1, https://goo.gl/fbAQLP

exports[`<Router /> renders a snapshot 1`] = `
<div>
  <main />
</div>
`;
